ERROR - 2026-05-04 16:57:50 --> Table 'sciclo.users' doesn't exist
in SYSTEMPATH\Database\MySQLi\Connection.php on line 300.
 1 SYSTEMPATH\Database\MySQLi\Connection.php(300): mysqli->query('INSERT INTO `users` (`name`, `email`, `password`, `created_at`, `updated_at`) VALUES (\'admin\', \'admin@admin.com\', \'$2y$10$bNVg7SaO5zgy8zbIbSh5/uW81QW.pfp9T3m/HwGIpD4hQHFArDFfa\', \'2026-05-04 16:57:50\', \'2026-05-04 16:57:50\')', 0)
 2 SYSTEMPATH\Database\BaseConnection.php(910): CodeIgniter\Database\MySQLi\Connection->execute('INSERT INTO `users` (`name`, `email`, `password`, `created_at`, `updated_at`) VALUES (\'admin\', \'admin@admin.com\', \'$2y$10$bNVg7SaO5zgy8zbIbSh5/uW81QW.pfp9T3m/HwGIpD4hQHFArDFfa\', \'2026-05-04 16:57:50\', \'2026-05-04 16:57:50\')')
 3 SYSTEMPATH\Database\BaseConnection.php(827): CodeIgniter\Database\BaseConnection->simpleQuery('INSERT INTO `users` (`name`, `email`, `password`, `created_at`, `updated_at`) VALUES (\'admin\', \'admin@admin.com\', \'$2y$10$bNVg7SaO5zgy8zbIbSh5/uW81QW.pfp9T3m/HwGIpD4hQHFArDFfa\', \'2026-05-04 16:57:50\', \'2026-05-04 16:57:50\')')
 4 SYSTEMPATH\Database\BaseBuilder.php(2345): CodeIgniter\Database\BaseConnection->query('INSERT INTO `users` (`name`, `email`, `password`, `created_at`, `updated_at`) VALUES (:name:, :email:, :password:, :created_at:, :updated_at:)', [...], false)
 5 APPPATH\Database\Seeds\UserSeeder.php(18): CodeIgniter\Database\BaseBuilder->insert([...])
 6 SYSTEMPATH\Database\Seeder.php(155): App\Database\Seeds\UserSeeder->run()
 7 SYSTEMPATH\Commands\Database\Seed.php(79): CodeIgniter\Database\Seeder->call('App\\Database\\Seeds\\UserSeeder')
 8 SYSTEMPATH\CLI\Commands.php(74): CodeIgniter\Commands\Database\Seed->run([])
 9 SYSTEMPATH\CLI\Console.php(47): CodeIgniter\CLI\Commands->run('db:seed', [...])
10 SYSTEMPATH\Boot.php(442): CodeIgniter\CLI\Console->run()
11 SYSTEMPATH\Boot.php(166): CodeIgniter\Boot::runCommand(Object(CodeIgniter\CLI\Console))
12 ROOTPATH\spark(87): CodeIgniter\Boot::bootSpark(Object(Config\Paths))
ERROR - 2026-05-04 17:00:19 --> Table 'sciclo.users' doesn't exist
in SYSTEMPATH\Database\MySQLi\Connection.php on line 300.
 1 SYSTEMPATH\Database\MySQLi\Connection.php(300): mysqli->query('INSERT INTO `users` (`name`, `email`, `password`, `created_at`, `updated_at`) VALUES (\'admin\', \'admin@admin.com\', \'$2y$10$9UxK1yr6X0kNfFHPY3Sx9.zLOoNGAyLYJrl099dR9zo0aPjyrEiDO\', \'2026-05-04 17:00:19\', \'2026-05-04 17:00:19\')', 0)
 2 SYSTEMPATH\Database\BaseConnection.php(910): CodeIgniter\Database\MySQLi\Connection->execute('INSERT INTO `users` (`name`, `email`, `password`, `created_at`, `updated_at`) VALUES (\'admin\', \'admin@admin.com\', \'$2y$10$9UxK1yr6X0kNfFHPY3Sx9.zLOoNGAyLYJrl099dR9zo0aPjyrEiDO\', \'2026-05-04 17:00:19\', \'2026-05-04 17:00:19\')')
 3 SYSTEMPATH\Database\BaseConnection.php(827): CodeIgniter\Database\BaseConnection->simpleQuery('INSERT INTO `users` (`name`, `email`, `password`, `created_at`, `updated_at`) VALUES (\'admin\', \'admin@admin.com\', \'$2y$10$9UxK1yr6X0kNfFHPY3Sx9.zLOoNGAyLYJrl099dR9zo0aPjyrEiDO\', \'2026-05-04 17:00:19\', \'2026-05-04 17:00:19\')')
 4 SYSTEMPATH\Database\BaseBuilder.php(2345): CodeIgniter\Database\BaseConnection->query('INSERT INTO `users` (`name`, `email`, `password`, `created_at`, `updated_at`) VALUES (:name:, :email:, :password:, :created_at:, :updated_at:)', [...], false)
 5 APPPATH\Database\Seeds\UserSeeder.php(18): CodeIgniter\Database\BaseBuilder->insert([...])
 6 SYSTEMPATH\Database\Seeder.php(155): App\Database\Seeds\UserSeeder->run()
 7 SYSTEMPATH\Commands\Database\Seed.php(79): CodeIgniter\Database\Seeder->call('App\\Database\\Seeds\\UserSeeder')
 8 SYSTEMPATH\CLI\Commands.php(74): CodeIgniter\Commands\Database\Seed->run([])
 9 SYSTEMPATH\CLI\Console.php(47): CodeIgniter\CLI\Commands->run('db:seed', [...])
10 SYSTEMPATH\Boot.php(442): CodeIgniter\CLI\Console->run()
11 SYSTEMPATH\Boot.php(166): CodeIgniter\Boot::runCommand(Object(CodeIgniter\CLI\Console))
12 ROOTPATH\spark(87): CodeIgniter\Boot::bootSpark(Object(Config\Paths))
ERROR - 2026-05-04 17:58:50 --> Table 'sciclo.users' doesn't exist
in SYSTEMPATH\Database\MySQLi\Connection.php on line 300.
 1 SYSTEMPATH\Database\MySQLi\Connection.php(300): mysqli->query('INSERT INTO `users` (`name`, `email`, `password`, `created_at`, `updated_at`) VALUES (\'admin\', \'admin@admin.com\', \'$2y$10$zskie4oRqiac91.LsWaRMO1NlUkhmj4slpULnKQU/oiI0ror/yjEO\', \'2026-05-04 17:58:50\', \'2026-05-04 17:58:50\')', 0)
 2 SYSTEMPATH\Database\BaseConnection.php(910): CodeIgniter\Database\MySQLi\Connection->execute('INSERT INTO `users` (`name`, `email`, `password`, `created_at`, `updated_at`) VALUES (\'admin\', \'admin@admin.com\', \'$2y$10$zskie4oRqiac91.LsWaRMO1NlUkhmj4slpULnKQU/oiI0ror/yjEO\', \'2026-05-04 17:58:50\', \'2026-05-04 17:58:50\')')
 3 SYSTEMPATH\Database\BaseConnection.php(827): CodeIgniter\Database\BaseConnection->simpleQuery('INSERT INTO `users` (`name`, `email`, `password`, `created_at`, `updated_at`) VALUES (\'admin\', \'admin@admin.com\', \'$2y$10$zskie4oRqiac91.LsWaRMO1NlUkhmj4slpULnKQU/oiI0ror/yjEO\', \'2026-05-04 17:58:50\', \'2026-05-04 17:58:50\')')
 4 SYSTEMPATH\Database\BaseBuilder.php(2345): CodeIgniter\Database\BaseConnection->query('INSERT INTO `users` (`name`, `email`, `password`, `created_at`, `updated_at`) VALUES (:name:, :email:, :password:, :created_at:, :updated_at:)', [...], false)
 5 APPPATH\Database\Seeds\UserSeeder.php(18): CodeIgniter\Database\BaseBuilder->insert([...])
 6 SYSTEMPATH\Database\Seeder.php(155): App\Database\Seeds\UserSeeder->run()
 7 SYSTEMPATH\Commands\Database\Seed.php(79): CodeIgniter\Database\Seeder->call('App\\Database\\Seeds\\UserSeeder')
 8 SYSTEMPATH\CLI\Commands.php(74): CodeIgniter\Commands\Database\Seed->run([])
 9 SYSTEMPATH\CLI\Console.php(47): CodeIgniter\CLI\Commands->run('db:seed', [...])
10 SYSTEMPATH\Boot.php(442): CodeIgniter\CLI\Console->run()
11 SYSTEMPATH\Boot.php(166): CodeIgniter\Boot::runCommand(Object(CodeIgniter\CLI\Console))
12 ROOTPATH\spark(87): CodeIgniter\Boot::bootSpark(Object(Config\Paths))
ERROR - 2026-05-04 18:08:42 --> Duplicate entry 'admin@admin.com' for key 'users.email'
in SYSTEMPATH\Database\MySQLi\Connection.php on line 300.
 1 SYSTEMPATH\Database\MySQLi\Connection.php(300): mysqli->query('INSERT INTO `users` (`name`, `email`, `password`) VALUES (\'Admin\', \'admin@admin.com\', \'$2y$10$jqsWaHzVZIIaEBy3SSfK0OUKesxgnJTpriR6hNE0A8o9nAMlIWx.O\')', 0)
 2 SYSTEMPATH\Database\BaseConnection.php(910): CodeIgniter\Database\MySQLi\Connection->execute('INSERT INTO `users` (`name`, `email`, `password`) VALUES (\'Admin\', \'admin@admin.com\', \'$2y$10$jqsWaHzVZIIaEBy3SSfK0OUKesxgnJTpriR6hNE0A8o9nAMlIWx.O\')')
 3 SYSTEMPATH\Database\BaseConnection.php(827): CodeIgniter\Database\BaseConnection->simpleQuery('INSERT INTO `users` (`name`, `email`, `password`) VALUES (\'Admin\', \'admin@admin.com\', \'$2y$10$jqsWaHzVZIIaEBy3SSfK0OUKesxgnJTpriR6hNE0A8o9nAMlIWx.O\')')
 4 SYSTEMPATH\Database\BaseBuilder.php(2345): CodeIgniter\Database\BaseConnection->query('INSERT INTO `users` (`name`, `email`, `password`) VALUES (:name:, :email:, :password:)', [...], false)
 5 APPPATH\Database\Seeds\UserSeeder.php(16): CodeIgniter\Database\BaseBuilder->insert([...])
 6 SYSTEMPATH\Database\Seeder.php(155): App\Database\Seeds\UserSeeder->run()
 7 SYSTEMPATH\Commands\Database\Seed.php(79): CodeIgniter\Database\Seeder->call('App\\Database\\Seeds\\UserSeeder')
 8 SYSTEMPATH\CLI\Commands.php(74): CodeIgniter\Commands\Database\Seed->run([])
 9 SYSTEMPATH\CLI\Console.php(47): CodeIgniter\CLI\Commands->run('db:seed', [...])
10 SYSTEMPATH\Boot.php(442): CodeIgniter\CLI\Console->run()
11 SYSTEMPATH\Boot.php(166): CodeIgniter\Boot::runCommand(Object(CodeIgniter\CLI\Console))
12 ROOTPATH\spark(87): CodeIgniter\Boot::bootSpark(Object(Config\Paths))
ERROR - 2026-05-04 18:09:04 --> Table 'sciclo.users' doesn't exist
in SYSTEMPATH\Database\MySQLi\Connection.php on line 300.
 1 SYSTEMPATH\Database\MySQLi\Connection.php(300): mysqli->query('INSERT INTO `users` (`name`, `email`, `password`) VALUES (\'Admin\', \'admin@admin.com\', \'$2y$10$RvfqE4NZRvCQyFeNneynCulku7FgbnFkZNwjvpRFv2LRAqiSdxa/6\')', 0)
 2 SYSTEMPATH\Database\BaseConnection.php(910): CodeIgniter\Database\MySQLi\Connection->execute('INSERT INTO `users` (`name`, `email`, `password`) VALUES (\'Admin\', \'admin@admin.com\', \'$2y$10$RvfqE4NZRvCQyFeNneynCulku7FgbnFkZNwjvpRFv2LRAqiSdxa/6\')')
 3 SYSTEMPATH\Database\BaseConnection.php(827): CodeIgniter\Database\BaseConnection->simpleQuery('INSERT INTO `users` (`name`, `email`, `password`) VALUES (\'Admin\', \'admin@admin.com\', \'$2y$10$RvfqE4NZRvCQyFeNneynCulku7FgbnFkZNwjvpRFv2LRAqiSdxa/6\')')
 4 SYSTEMPATH\Database\BaseBuilder.php(2345): CodeIgniter\Database\BaseConnection->query('INSERT INTO `users` (`name`, `email`, `password`) VALUES (:name:, :email:, :password:)', [...], false)
 5 APPPATH\Database\Seeds\UserSeeder.php(16): CodeIgniter\Database\BaseBuilder->insert([...])
 6 SYSTEMPATH\Database\Seeder.php(155): App\Database\Seeds\UserSeeder->run()
 7 SYSTEMPATH\Commands\Database\Seed.php(79): CodeIgniter\Database\Seeder->call('App\\Database\\Seeds\\UserSeeder')
 8 SYSTEMPATH\CLI\Commands.php(74): CodeIgniter\Commands\Database\Seed->run([])
 9 SYSTEMPATH\CLI\Console.php(47): CodeIgniter\CLI\Commands->run('db:seed', [...])
10 SYSTEMPATH\Boot.php(442): CodeIgniter\CLI\Console->run()
11 SYSTEMPATH\Boot.php(166): CodeIgniter\Boot::runCommand(Object(CodeIgniter\CLI\Console))
12 ROOTPATH\spark(87): CodeIgniter\Boot::bootSpark(Object(Config\Paths))
